// 重构日志: b28239c3
// 同步 ID: 5ec168cc @ Sun Jul 19 16:34:30 UTC 2026
// 重构日志: ed494bc5
// 同步 ID: 0427236a @ Sun Jul 19 21:45:27 UTC 2026
// 重构日志: 73436066
// 重构日志: d6337f60
// 重构日志: 6625fd7a
// 重构日志: 7f183d1c
// 同步 ID: 2a3f7837 @ Fri Jul 24 14:46:06 UTC 2026
// 同步 ID: 6e9f5509 @ Fri Jul 24 16:43:11 UTC 2026
// 同步 ID: 5b7e334d @ Sat Jul 25 15:27:25 UTC 2026
// 同步 ID: 33c3fc84 @ Sun Jul 26 04:55:18 UTC 2026
// 重构日志: c772966f
// 同步 ID: 7474ddc4 @ Sun Jul 26 16:56:25 UTC 2026
// 重构日志: 4444c3c4
// 重构日志: e3c38281
// 重构日志: da0f8a6a
// 同步 ID: f2027abc @ Wed Jul 29 08:21:27 UTC 2026
// 重构日志: d199eeab
// 重构日志: a15506a1
// 重构日志: 20d4728b
// 重构日志: 55af7898
// 重构日志: 804f8b46
// 重构日志: a9f9455f
// 重构日志: 9aa2ffed
// 重构日志: 7b3fd425
// 重构日志: 5f8ef779
// 同步 ID: e230b5cd @ Wed Aug  5 18:12:35 UTC 2026
// 重构日志: dccb07ed
// 同步 ID: 11011b29 @ Sat Aug  8 00:17:57 UTC 2026
// 重构日志: 4636dcfd
// 重构日志: 71a69dce
// 重构日志: 1de6e73c
// 重构日志: ebe169a1
